
D:\ia-mode\frontend>if "Windows_NT" == "Windows_NT" setlocal

D:\ia-mode\frontend>set DIRNAME=D:\ia-mode\frontend\ 

D:\ia-mode\frontend>if "D:\ia-mode\frontend\" == "" set DIRNAME=. 

D:\ia-mode\frontend>set APP_BASE_NAME=gradlew 

D:\ia-mode\frontend>set APP_HOME=D:\ia-mode\frontend\ 

D:\ia-mode\frontend>for %i in ("D:\ia-mode\frontend\") do set APP_HOME=%~fi 

D:\ia-mode\frontend>set APP_HOME=D:\ia-mode\frontend\ 

D:\ia-mode\frontend>set DEFAULT_JVM_OPTS="-Xmx64m" "-Xms64m" 

D:\ia-mode\frontend>if defined JAVA_HOME goto findJavaFromJavaHome 

D:\ia-mode\frontend>set JAVA_EXE=java.exe 

D:\ia-mode\frontend>java.exe -version  1>NUL 2>&1 

D:\ia-mode\frontend>if 0 EQU 0 goto execute 

D:\ia-mode\frontend>set CLASSPATH=D:\ia-mode\frontend\\gradle\wrapper\gradle-wrapper.jar 

D:\ia-mode\frontend>"java.exe" "-Xmx64m" "-Xms64m"   "-Dorg.gradle.appname=gradlew" -classpath "D:\ia-mode\frontend\\gradle\wrapper\gradle-wrapper.jar" org.gradle.wrapper.GradleWrapperMain :app:assembleDebug --offline --no-daemon 
To honour the JVM settings for this build a single-use Daemon process will be forked. For more on this, please refer to https://docs.gradle.org/8.11.1/userguide/gradle_daemon.html#sec:disabling_the_daemon in the Gradle documentation.
Daemon will be stopped at the end of the build 
Reusing configuration cache.
> Task :app:checkKotlinGradlePluginConfigurationErrors SKIPPED
> Task :app:processDebugGoogleServices UP-TO-DATE
> Task :app:injectCrashlyticsMappingFileIdDebug UP-TO-DATE
> Task :app:generateI18n UP-TO-DATE
> Task :app:preBuild UP-TO-DATE
> Task :app:preDebugBuild UP-TO-DATE
> Task :app:desugarDebugFileDependencies UP-TO-DATE
> Task :app:mergeDebugNativeDebugMetadata NO-SOURCE
> Task :app:generateDebugResValues UP-TO-DATE
> Task :app:generateDebugBuildConfig UP-TO-DATE
> Task :app:extractDeepLinksDebug UP-TO-DATE
> Task :app:javaPreCompileDebug UP-TO-DATE
> Task :app:mergeDebugShaders UP-TO-DATE
> Task :app:mergeDebugJniLibFolders UP-TO-DATE
> Task :app:createDebugCompatibleScreenManifests UP-TO-DATE
> Task :app:validateSigningDebug UP-TO-DATE
> Task :app:compileDebugShaders NO-SOURCE
> Task :app:generateDebugAssets UP-TO-DATE
> Task :app:writeDebugAppMetadata UP-TO-DATE
> Task :app:generateDebugResources UP-TO-DATE
> Task :app:packageDebugResources UP-TO-DATE
> Task :app:parseDebugLocalResources UP-TO-DATE
> Task :app:writeDebugSigningConfigVersions UP-TO-DATE
> Task :app:mergeDebugResources UP-TO-DATE
> Task :app:checkDebugAarMetadata UP-TO-DATE
> Task :app:checkDebugDuplicateClasses UP-TO-DATE
> Task :app:mergeDebugAssets UP-TO-DATE
> Task :app:mergeDebugNativeLibs UP-TO-DATE
> Task :app:mergeLibDexDebug UP-TO-DATE
> Task :app:compressDebugAssets UP-TO-DATE
> Task :app:stripDebugDebugSymbols UP-TO-DATE
> Task :app:mapDebugSourceSetPaths UP-TO-DATE
> Task :app:mergeExtDexDebug UP-TO-DATE
> Task :app:processDebugMainManifest
> Task :app:processDebugManifest
> Task :app:processDebugManifestForPackage
> Task :app:processDebugResources
> Task :app:kspDebugKotlin

> Task :app:compileDebugKotlin FAILED
e: file:///D:/ia-mode/frontend/app/src/main/java/com/iamode/app/ui/feature/conversation/ConversationViewModel.kt:56:7 Argument type mismatch: actual type is 'kotlin.coroutines.SuspendFunction6<kotlin.Array<T>, ERROR CLASS: Cannot infer type for parameter m, ERROR CLASS: Cannot infer type for parameter b, ERROR CLASS: Cannot infer type for parameter e, ERROR CLASS: Cannot infer type for parameter gmail, ERROR CLASS: Cannot infer type for parameter outlook, R>', but 'kotlin.coroutines.SuspendFunction1<kotlin.Array<T>, R>' was expected.
e: file:///D:/ia-mode/frontend/app/src/main/java/com/iamode/app/ui/feature/conversation/ConversationViewModel.kt:56:12 Cannot infer type for this parameter. Please specify it explicitly.
e: file:///D:/ia-mode/frontend/app/src/main/java/com/iamode/app/ui/feature/conversation/ConversationViewModel.kt:56:15 Cannot infer type for this parameter. Please specify it explicitly.
e: file:///D:/ia-mode/frontend/app/src/main/java/com/iamode/app/ui/feature/conversation/ConversationViewModel.kt:56:18 Cannot infer type for this parameter. Please specify it explicitly.
e: file:///D:/ia-mode/frontend/app/src/main/java/com/iamode/app/ui/feature/conversation/ConversationViewModel.kt:56:21 Cannot infer type for this parameter. Please specify it explicitly.
e: file:///D:/ia-mode/frontend/app/src/main/java/com/iamode/app/ui/feature/conversation/ConversationViewModel.kt:56:28 Cannot infer type for this parameter. Please specify it explicitly.
e: file:///D:/ia-mode/frontend/app/src/main/java/com/iamode/app/ui/feature/conversation/ConversationViewModel.kt:57:29 Argument type mismatch: actual type is 'kotlin.Array<kotlin.Any?>', but 'com.iamode.app.domain.model.Conversation?' was expected.
e: file:///D:/ia-mode/frontend/app/src/main/java/com/iamode/app/ui/feature/conversation/ConversationViewModel.kt:57:54 Unresolved reference 'it'.
e: file:///D:/ia-mode/frontend/app/src/main/java/com/iamode/app/ui/feature/conversation/ConversationViewModel.kt:57:81 Unresolved reference 'it'.

> Task :app:copyRoomSchemas NO-SOURCE

FAILURE: Build failed with an exception.

* What went wrong:
Execution failed for task ':app:compileDebugKotlin'.
> A failure occurred while executing org.jetbrains.kotlin.compilerRunner.GradleCompilerRunnerWithWorkers$GradleKotlinCompilerWorkAction
   > Compilation error. See log for more details

* Try:
> Run with --stacktrace option to get the stack trace.
> Run with --info or --debug option to get more log output.
> Run with --scan to get full insights.
> Get more help at https://help.gradle.org.

BUILD FAILED in 48s
33 actionable tasks: 6 executed, 27 up-to-date
Configuration cache entry reused.

D:\ia-mode\frontend>if 1 EQU 0 goto mainEnd 

D:\ia-mode\frontend>rem Set variable GRADLE_EXIT_CONSOLE if you need the _script_ return code instead of 

D:\ia-mode\frontend>rem the _cmd.exe /c_ return code! 

D:\ia-mode\frontend>set EXIT_CODE=1 

D:\ia-mode\frontend>if 1 EQU 0 set EXIT_CODE=1 

D:\ia-mode\frontend>if not "" == "" exit 1 

D:\ia-mode\frontend>exit /b 1 
